$ minikube addons enable metallb
â—  metallb is a 3rd party addon and is not maintained or verified by minikube maintainers, enable at your own risk.
â—  metallb does not currently have an associated maintainer.
    â–ª Using image docker.io/metallb/speaker:v0.9.6
    â–ª Using image docker.io/metallb/controller:v0.9.6
ğŸŒŸ  The 'metallb' addon is enabled


$ minikube ip
192.168.49.2


$ minikube addons configure metallb
-- Enter Load Balancer Start IP: 192.168.49.2
-- Enter Load Balancer End IP: 192.168.49.2
    â–ª Using image docker.io/metallb/speaker:v0.9.6
    â–ª Using image docker.io/metallb/controller:v0.9.6
âœ…  metallb was successfully configured


$ vi 09-metallb-cm.yml


$ kubectl apply -f 09-metallb-cm.yml
Error from server (BadRequest): error when creating "09-metallb-cm.yml": ConfigMap in version "v1" cannot be handled as a ConfigMap: json: cannot unmarshal object into Go struct field ConfigMap.data of type string


$ kubectl get svc
NAME         TYPE           CLUSTER-IP     EXTERNAL-IP   PORT(S)           AGE
kubernetes   ClusterIP      10.43.0.1      <none>        443/TCP           2d4h
redis        ClusterIP      10.43.30.147   <none>        6379/TCP          27h
counter-np   NodePort       10.43.95.3     <none>        3000:31000/TCP    18m
counter-lb   LoadBalancer   10.43.18.112   10.234.5.67   30000:30683/TCP   7m47s


$ curl 10.234.5.67:30000
6


$ minikube service counter-lb
ğŸ’£  Failed to get service URL: client: client config: context "minikube" does not exist
ğŸ“Œ  Check that minikube is running and that you have specified the correct namespace (-n flag) if required.
